// Jest Snapshot v1, https://goo.gl/fbAQLP

exports[`should render sure actionsheet when use custom props 1`] = `
"<view class=\\"nut-actionsheet\\">
  <!--teleport start-->
  <nut-overlay visible=\\"true\\" close-on-click-overlay=\\"true\\" z-index=\\"2000\\" lock-scroll=\\"false\\" duration=\\"0.3\\" iswrapteleport=\\"true\\"></nut-overlay>
  <transition-stub name=\\"popup-slide-bottom\\" appear=\\"false\\" persisted=\\"true\\" css=\\"true\\">
    <view class=\\"nut-popup round popup-bottom popclass\\" style=\\"z-index: 2000; transition-duration: 0.3s;\\">
      <view class=\\"nut-actionsheet-panel\\">
        <!--v-if-->
        <view>
          <!--v-if-->
          <view class=\\"nut-actionsheet-menu\\">
            <view class=\\"nut-actionsheet-item\\">
              <view>选项一</view>
              <view class=\\"subdesc\\">描述信息</view>
            </view>
          </view>
          <!--v-if-->
        </view>
      </view>
      <!--v-if-->
    </view>
  </transition-stub>
  <!--teleport end-->
</view>"
`;
